
> civic-core@0.1.0 build
> prisma generate && next build

Environment variables loaded from .env
Prisma schema loaded from prisma\schema.prisma

Γ£ö Generated Prisma Client (v5.19.1) to .\node_modules\@prisma\client in 74ms

Start by importing your Prisma Client (See: http://pris.ly/d/importing-client)

Tip: Interested in query caching in just a few lines of code? Try Accelerate today! https://pris.ly/tip-3-accelerate

Γû▓ Next.js 16.1.6 (Turbopack)
- Environments: .env
- Experiments (use with caution):
  ┬╖ serverActions

node.exe : ΓÜá The "middleware" 
file convention is deprecated. 
Please use "proxy" instead. Learn 
more: https://nextjs.org/docs/messag
es/middleware-to-proxy
At C:\nvm4w\nodejs\npm.ps1:29 char:3
+   & $NODE_EXE $NPM_CLI_JS $args
+   ~~~~~~~~~~~~~~~~~~~~~~~~~~~~~
    + CategoryInfo          : NotSp 
   ecified: (ΓÜá The "middle...lew  
  are-to-proxy:String) [], Remote   
 Exception
    + FullyQualifiedErrorId : Nativ 
   eCommandError
 
  Creating an optimized production build ...
Γ£ô Compiled successfully in 8.7s
  Running TypeScript ...
Failed to compile.

./tmp/check-users.ts:1:20
Type error: Cannot find module 
'./lib/prisma.js' or its 
corresponding type declarations.

[0m[31m[1m>[22m[39m[90m 1 
|[39m [36mimport[39m prisma 
[36mfrom[39m [32m'./lib/prisma.js
'[39m[33m;[39m
 [90m   |[39m                    
[31m[1m^[22m[39m
 [90m 2 |[39m
 [90m 3 |[39m [36masync[39m 
[36mfunction[39m check() {
 [90m 4 |[39m     [36mconst[39m 
users [33m=[39m [36mawait[39m pr
isma[33m.[39muser[33m.[39mfindMa
ny({[0m
Next.js build worker exited with 
code: 1 and signal: null
